// Jest Snapshot v1, https://jestjs.io/docs/snapshot-testing

exports[`Home page matches snapshot 1`] = `
<DocumentFragment>
  <div
    class="jsx-5ddab21148ad3b12 container"
  >
    <main
      class="jsx-5ddab21148ad3b12"
    >
      <h1
        class="jsx-5ddab21148ad3b12 title"
      >
        Welcome to 
        <a
          class="jsx-5ddab21148ad3b12"
          href="https://nextjs.org"
        >
          Next.js!
        </a>
      </h1>
      <p
        class="jsx-5ddab21148ad3b12 description"
      >
        Get started by editing 
        <code
          class="jsx-5ddab21148ad3b12"
        >
          app/page.tsx
        </code>
      </p>
      <button
        class="jsx-5ddab21148ad3b12"
      >
        Test Button
      </button>
      <div
        class="jsx-5ddab21148ad3b12 grid"
      >
        <a
          class="jsx-5ddab21148ad3b12 card"
          href="https://nextjs.org/docs"
        >
          <h3
            class="jsx-5ddab21148ad3b12"
          >
            Documentation →
          </h3>
          <p
            class="jsx-5ddab21148ad3b12"
          >
            Find in-depth information about Next.js features and API.
          </p>
        </a>
        <a
          class="jsx-5ddab21148ad3b12 card"
          href="https://nextjs.org/learn"
        >
          <h3
            class="jsx-5ddab21148ad3b12"
          >
            Learn →
          </h3>
          <p
            class="jsx-5ddab21148ad3b12"
          >
            Learn about Next.js in an interactive course with quizzes!
          </p>
        </a>
        <a
          class="jsx-5ddab21148ad3b12 card"
          href="https://github.com/vercel/next.js/tree/master/examples"
        >
          <h3
            class="jsx-5ddab21148ad3b12"
          >
            Examples →
          </h3>
          <p
            class="jsx-5ddab21148ad3b12"
          >
            Discover and deploy boilerplate example Next.js projects.
          </p>
        </a>
        <a
          class="jsx-5ddab21148ad3b12 card"
          href="https://vercel.com/new"
        >
          <h3
            class="jsx-5ddab21148ad3b12"
          >
            Deploy →
          </h3>
          <p
            class="jsx-5ddab21148ad3b12"
          >
            Deploy your Next.js site to a public URL with Vercel.
          </p>
        </a>
      </div>
    </main>
    <footer
      class="jsx-5ddab21148ad3b12"
    >
      <a
        class="jsx-5ddab21148ad3b12"
        href="https://vercel.com"
        rel="noopener noreferrer"
        target="_blank"
      >
        Powered by Vercel
      </a>
    </footer>
  </div>
</DocumentFragment>
`;
